
================================================================================
BOT SURA - EJECUCIËN EN VIVO
================================================================================
python : Traceback (most recent call last):
En línea: 1 Carácter: 77
+ ... ; $env:PYTHONPATH = "apps/api"; python test_sura_live.py 2>&1 | Tee-O ...
+                                     ~~~~~~~~~~~~~~~~~~~~~~~~~~~~~
    + CategoryInfo          : NotSpecified: (Traceback (most recent call last) 
   ::String) [], RemoteException
    + FullyQualifiedErrorId : NativeCommandError
 
  File "C:\Users\david.baeza\Documents\radicacion\test_sura_live.py", line 29, 
in <module>
    print(f"\U0001f4dd Logs guardados en: {log_file}\n")
    ~~~~~^^^^^^^^^^^^^^^^^^^^^^^^^^^^^^^^^^^^^^^
  File "C:\Users\david.baeza\AppData\Local\Python\pythoncore-3.14-64\Lib\encodi
ngs\cp1252.py", line 19, in encode
    return codecs.charmap_encode(input,self.errors,encoding_table)[0]
           ~~~~~~~~~~~~~~~~~~~~~^^^^^^^^^^^^^^^^^^^^^^^^^^^^^^^^^^
UnicodeEncodeError: 'charmap' codec can't encode character '\U0001f4dd' in 
position 0: character maps to <undefined>
